// Jest Snapshot v1, https://goo.gl/fbAQLP

exports[`getEvent 1`] = `
{
  "dateEnd": 1765710000000,
  "dateStart": 1764846000000,
  "id": 8042,
  "logo": "https://img-cdn.hltv.org/eventlogo/EtAsGaOi1xP34aMe5auYW6.png?ixlib=java-2.1.0&w=200&s=1f0b2c0a929c40a4301d0d5c285ac406",
  "name": "StarLadder Budapest Major 2025",
}
`;

exports[`getEvent 2`] = `
{
  "dateEnd": 1813485600000,
  "dateStart": 1811757600000,
  "id": 8297,
  "logo": "https://img-cdn.hltv.org/eventlogo/8DjfTrX53gxG4SjptlSBaX.png?ixlib=java-2.1.0&w=200&s=b6689a44d828ecb7cc94ab71553077e6",
  "name": "FiReMAJOR Buenos Aires 2027",
}
`;
