// Jest Snapshot v1, https://goo.gl/fbAQLP

exports[`getResults 1`] = `
[
  {
    "id": 2388130,
    "result": {
      "team1": 3,
      "team2": 1,
    },
  },
  {
    "id": 2388129,
    "result": {
      "team1": 2,
      "team2": 1,
    },
  },
  {
    "id": 2388128,
    "result": {
      "team1": 0,
      "team2": 2,
    },
  },
  {
    "id": 2388127,
    "result": {
      "team1": 1,
      "team2": 2,
    },
  },
  {
    "id": 2388126,
    "result": {
      "team1": 0,
      "team2": 2,
    },
  },
  {
    "id": 2388124,
    "result": {
      "team1": 2,
      "team2": 0,
    },
  },
  {
    "id": 2388125,
    "result": {
      "team1": 2,
      "team2": 0,
    },
  },
  {
    "id": 2388123,
    "result": {
      "team1": 1,
      "team2": 2,
    },
  },
  {
    "id": 2388122,
    "result": {
      "team1": 2,
      "team2": 0,
    },
  },
  {
    "id": 2388121,
    "result": {
      "team1": 0,
      "team2": 2,
    },
  },
  {
    "id": 2388119,
    "result": {
      "team1": 0,
      "team2": 2,
    },
  },
  {
    "id": 2388120,
    "result": {
      "team1": 0,
      "team2": 2,
    },
  },
  {
    "id": 2388117,
    "result": {
      "team1": 2,
      "team2": 1,
    },
  },
  {
    "id": 2388118,
    "result": {
      "team1": 2,
      "team2": 0,
    },
  },
  {
    "id": 2388116,
    "result": {
      "team1": 2,
      "team2": 0,
    },
  },
  {
    "id": 2388115,
    "result": {
      "team1": 0,
      "team2": 2,
    },
  },
  {
    "id": 2388113,
    "result": {
      "team1": 2,
      "team2": 0,
    },
  },
  {
    "id": 2388114,
    "result": {
      "team1": 1,
      "team2": 2,
    },
  },
  {
    "id": 2388111,
    "result": {
      "team1": 1,
      "team2": 2,
    },
  },
  {
    "id": 2388112,
    "result": {
      "team1": 2,
      "team2": 0,
    },
  },
  {
    "id": 2388109,
    "result": {
      "team1": 8,
      "team2": 13,
    },
  },
  {
    "id": 2388110,
    "result": {
      "team1": 1,
      "team2": 13,
    },
  },
  {
    "id": 2388107,
    "result": {
      "team1": 7,
      "team2": 13,
    },
  },
  {
    "id": 2388108,
    "result": {
      "team1": 2,
      "team2": 13,
    },
  },
  {
    "id": 2388105,
    "result": {
      "team1": 13,
      "team2": 5,
    },
  },
  {
    "id": 2388106,
    "result": {
      "team1": 6,
      "team2": 13,
    },
  },
  {
    "id": 2388104,
    "result": {
      "team1": 9,
      "team2": 13,
    },
  },
  {
    "id": 2388103,
    "result": {
      "team1": 13,
      "team2": 6,
    },
  },
  {
    "id": 2388102,
    "result": {
      "team1": 5,
      "team2": 13,
    },
  },
  {
    "id": 2388101,
    "result": {
      "team1": 5,
      "team2": 13,
    },
  },
  {
    "id": 2388100,
    "result": {
      "team1": 4,
      "team2": 13,
    },
  },
  {
    "id": 2388099,
    "result": {
      "team1": 7,
      "team2": 13,
    },
  },
  {
    "id": 2388098,
    "result": {
      "team1": 13,
      "team2": 10,
    },
  },
  {
    "id": 2388097,
    "result": {
      "team1": 13,
      "team2": 2,
    },
  },
  {
    "id": 2388095,
    "result": {
      "team1": 7,
      "team2": 13,
    },
  },
  {
    "id": 2388096,
    "result": {
      "team1": 13,
      "team2": 10,
    },
  },
  {
    "id": 2388093,
    "result": {
      "team1": 13,
      "team2": 8,
    },
  },
  {
    "id": 2388094,
    "result": {
      "team1": 8,
      "team2": 13,
    },
  },
  {
    "id": 2388092,
    "result": {
      "team1": 16,
      "team2": 14,
    },
  },
  {
    "id": 2388091,
    "result": {
      "team1": 16,
      "team2": 14,
    },
  },
]
`;
